\BOOKMARK [1][-]{section.1}{\376\377\000K\000v\000a\000n\000t\000u\000m\000\040\000H\000i\000b\000a\000j\000a\000v\000\355\000t\000\363\000\040\000K\000\363\000d\000o\000k}{}% 1
\BOOKMARK [2][-]{subsection.1.1}{\376\377\000N\000o\000e\000t\000h\000e\000r\000-\000t\000\351\000t\000e\000l\000\040\000\050\000S\000t\000e\000a\000n\000e\000\040\000[\000[\0007\000,\0001\000,\0003\000]\000]\000\040\000k\000\363\000d\000\051}{section.1}% 2
\BOOKMARK [2][-]{subsection.1.2}{\376\377\000K\000\363\000d\000o\000l\000\341\000s\000-\000d\000e\000k\000\363\000d\000o\000l\000\341\000s\000\040\000a\000z\000o\000n\000o\000s\000s\000\341\000g}{section.1}% 3
\BOOKMARK [2][-]{subsection.1.3}{\376\377\000[\000[\0001\0005\000,\0001\000,\0003\000]\000]\000+\0001\000\040\000k\000\363\000d\000\040\000t\000\366\000r\000v\000\351\000n\000y\000e}{section.1}% 4
\BOOKMARK [2][-]{subsection.1.4}{\376\377\000H\000\351\000t\000\040\000d\000i\000m\000e\000n\000z\000i\000\363\000\040\000e\000g\000y\000e\000n\000l\001\121\000s\000\351\000g\000e}{section.1}% 5
\BOOKMARK [1][-]{section.2}{\376\377\000P\000a\000u\000l\000i\000\040\000O\000p\000e\000r\000\341\000t\000o\000r\000o\000k}{}% 6
\BOOKMARK [2][-]{subsection.2.1}{\376\377\000P\000a\000u\000l\000i\000\040\000X\000\040\000i\000n\000v\000o\000l\000\372\000c\000i\000\363}{section.2}% 7
\BOOKMARK [2][-]{subsection.2.2}{\376\377\000P\000a\000u\000l\000i\000\040\000Z\000\040\000i\000n\000v\000o\000l\000\372\000c\000i\000\363}{section.2}% 8
\BOOKMARK [1][-]{section.3}{\376\377\000G\000e\000o\000m\000e\000t\000r\000i\000a}{}% 9
\BOOKMARK [2][-]{subsection.3.1}{\376\377\000P\000i\000t\000a\000g\000o\000r\000a\000s\000z\000-\000t\000\351\000t\000e\000l}{section.3}% 10
\BOOKMARK [2][-]{subsection.3.2}{\376\377\000K\000o\000s\000z\000i\000n\000u\000s\000z\000-\000t\000\351\000t\000e\000l\000\040\000\050\000P\000i\000t\000a\000g\000o\000r\000a\000s\000z\000\040\000\341\000l\000t\000a\000l\000\341\000n\000o\000s\000\355\000t\000\341\000s\000a\000\051}{section.3}% 11
\BOOKMARK [1][-]{section.4}{\376\377\000K\000a\000t\000e\000g\000\363\000r\000i\000a\000e\000l\000m\000\351\000l\000e\000t}{}% 12
\BOOKMARK [2][-]{subsection.4.1}{\376\377\000K\000a\000t\000e\000g\000\363\000r\000i\000a\000\040\000a\000x\000i\000\363\000m\000\341\000k\000\040\000\050\000K\000a\000t\000e\000g\000o\000r\000i\000a\000T\000\040\000t\000y\000p\000e\000c\000l\000a\000s\000s\000\051}{section.4}% 13
\BOOKMARK [2][-]{subsection.4.2}{\376\377\000Y\000o\000n\000e\000d\000a\000\040\000L\000e\000m\000m\000a}{section.4}% 14
\BOOKMARK [1][-]{section.5}{\376\377\000F\000i\000z\000i\000k\000a\000i\000\040\000E\000g\000y\000e\000n\000l\000e\000t\000e\000k\000\040\000\050\000i\000m\000p\000l\000e\000m\000e\000n\000t\000\341\000l\000v\000a\000,\000\040\000n\000e\000m\000\040\000f\000o\000r\000m\000\341\000l\000i\000s\000a\000n\000\040\000b\000i\000z\000o\000n\000y\000\355\000t\000v\000a\000\051}{}% 15
\BOOKMARK [2][-]{subsection.5.1}{\376\377\000L\000e\000g\000e\000n\000d\000r\000e\000-\000t\000r\000a\000n\000s\000z\000f\000o\000r\000m\000\341\000c\000i\000\363}{section.5}% 16
\BOOKMARK [2][-]{subsection.5.2}{\376\377\000L\000a\000n\000d\000a\000u\000e\000r\000-\000e\000l\000v}{section.5}% 17
\BOOKMARK [2][-]{subsection.5.3}{\376\377\000E\000i\000n\000s\000t\000e\000i\000n\000\040\000t\000\366\000m\000e\000g\000-\000e\000n\000e\000r\000g\000i\000a\000\040\000e\000k\000v\000i\000v\000a\000l\000e\000n\000c\000i\000a}{section.5}% 18
\BOOKMARK [2][-]{subsection.5.4}{\376\377\000E\000i\000n\000s\000t\000e\000i\000n\000-\000e\000g\000y\000e\000n\000l\000e\000t\000e\000k}{section.5}% 19
\BOOKMARK [2][-]{subsection.5.5}{\376\377\000K\000e\000p\000l\000e\000r\000\040\000h\000a\000r\000m\000a\000d\000i\000k\000\040\000t\000\366\000r\000v\000\351\000n\000y\000e}{section.5}% 20
\BOOKMARK [2][-]{subsection.5.6}{\376\377\000E\000u\000l\000e\000r\000-\000a\000z\000o\000n\000o\000s\000s\000\341\000g\000\040\000\050\000v\000a\000l\000\363\000s\000\040\000r\000\351\000s\000z\000\051}{section.5}% 21
\BOOKMARK [2][-]{subsection.5.7}{\376\377\000T\000e\000r\000m\000o\000d\000i\000n\000a\000m\000i\000k\000a\000i\000\040\000p\000o\000t\000e\000n\000c\000i\000\341\000l\000o\000k}{section.5}% 22
\BOOKMARK [1][-]{section.6}{\376\377\000F\000i\000z\000i\000k\000a\000i\000\040\000\301\000l\000l\000a\000n\000d\000\363\000k\000\040\000\050\000C\000O\000D\000A\000T\000A\000\040\0002\0000\0001\0009\000,\000\040\000S\000I\000\040\0002\0000\0001\0009\000\051}{}% 23
\BOOKMARK [1][-]{section.7}{\376\377\000H\000i\000p\000o\000t\000\351\000z\000i\000s\000e\000k}{}% 24
\BOOKMARK [1][-]{section.8}{\376\377\000\326\000s\000s\000z\000e\000f\000o\000g\000l\000a\000l\000\341\000s}{}% 25
